presidio@C02DM28PML7H-presidio Day 53 - 17.07.2025 % sudo npx create-react-app my-react-app --force
cd my-react-app

Password:

Creating a new React app in /Users/presidio/Library/CloudStorage/OneDrive-PresidioNetworkSolutions/Documents/Presidio-Intern/GensParkTraning/Day 53 - 17.07.2025/my-react-app.

Installing packages. This might take a couple of minutes.
Installing react, react-dom, and react-scripts with cra-template...


added 1323 packages in 2m

269 packages are looking for funding
  run `npm fund` for details

Installing template dependencies using npm...

added 19 packages, and changed 1 package in 10s

269 packages are looking for funding
  run `npm fund` for details
Removing template package using npm...


removed 1 package, and audited 1342 packages in 6s

269 packages are looking for funding
  run `npm fund` for details

9 vulnerabilities (3 moderate, 6 high)

To address all issues (including breaking changes), run:
  npm audit fix --force

Run `npm audit` for details.

Success! Created my-react-app at /Users/presidio/Library/CloudStorage/OneDrive-PresidioNetworkSolutions/Documents/Presidio-Intern/GensParkTraning/Day 53 - 17.07.2025/my-react-app
Inside that directory, you can run several commands:

  npm start
    Starts the development server.

  npm run build
    Bundles the app into static files for production.

  npm test
    Starts the test runner.

  npm run eject
    Removes this tool and copies build dependencies, configuration files
    and scripts into the app directory. If you do this, you canâ€™t go back!

We suggest that you begin by typing:

  cd my-react-app
  npm start

Happy hacking!
presidio@C02DM28PML7H-presidio my-react-app % az login
A web browser has been opened at https://login.microsoftonline.com/organizations/oauth2/v2.0/authorize. Please continue the login in the web browser. If no web browser is available or if the web browser fails to open, use device code flow with `az login --use-device-code`.

Retrieving tenants and subscriptions for the selection...
The following tenants don't contain accessible subscriptions. Use `az login --allow-no-subscriptions` to have tenant level access.
7f7268a4-7179-4a42-9837-40255b1c21e5 'Presidio Network Solutions'
6c4e0f67-00c8-475b-b1d4-cf723426db0b 'Pyramid Consulting, Inc.'

[Tenant and subscription selection]

No     Subscription name    Subscription ID                       Tenant
-----  -------------------  ------------------------------------  ----------------------------
[1] *  AppDev - Training    fff309a9-2887-407d-b64d-e074e3d92e5b  Presidio Networked Solutions

The default is marked with an *; the default tenant is 'Presidio Networked Solutions' and subscription is 'AppDev - Training' (fff309a9-2887-407d-b64d-e074e3d92e5b).

Select a subscription and tenant (Type a number or Enter for no changes): 

Tenant: Presidio Networked Solutions
Subscription: AppDev - Training (fff309a9-2887-407d-b64d-e074e3d92e5b)

[Announcements]
With the new Azure CLI login experience, you can select the subscription you want to use more easily. Learn more about it and its configuration at https://go.microsoft.com/fwlink/?linkid=2271236

If you encounter any problem, please open an issue at https://aka.ms/azclibug

[Warning] The login output has been updated. Please be aware that it no longer displays the full list of available subscriptions by default.

presidio@C02DM28PML7H-presidio my-react-app % sudo chmod -R 777
usage:  chmod [-fhv] [-R [-H | -L | -P]] [-a | +a | =a  [i][# [ n]]] mode|entry file ...
        chmod [-fhv] [-R [-H | -L | -P]] [-E | -C | -N | -i | -I] file ...
presidio@C02DM28PML7H-presidio my-react-app % sudo chmod -R 777 .
presidio@C02DM28PML7H-presidio my-react-app % ACR_NAME="reactacr$RANDOM"
RESOURCE_GROUP="gp-traning-1"
LOCATION="eastus"

az acr create \
  --resource-group $RESOURCE_GROUP \
  --name $ACR_NAME \
  --sku Basic \
  --admin-enabled true \
  --location $LOCATION

{
  "adminUserEnabled": true,
  "anonymousPullEnabled": false,
  "autoGeneratedDomainNameLabelScope": "Unsecure",
  "creationDate": "2025-07-17T06:53:25.781011+00:00",
  "dataEndpointEnabled": false,
  "dataEndpointHostNames": [],
  "encryption": {
    "keyVaultProperties": null,
    "status": "disabled"
  },
  "id": "/subscriptions/fff309a9-2887-407d-b64d-e074e3d92e5b/resourceGroups/gp-traning-1/providers/Microsoft.ContainerRegistry/registries/reactacr28056",
  "identity": null,
  "location": "eastus",
  "loginServer": "reactacr28056.azurecr.io",
  "metadataSearch": "Disabled",
  "name": "reactacr28056",
  "networkRuleBypassOptions": "AzureServices",
  "networkRuleSet": null,
  "policies": {
    "azureAdAuthenticationAsArmPolicy": {
      "status": "enabled"
    },
    "exportPolicy": {
      "status": "enabled"
    },
    "quarantinePolicy": {
      "status": "disabled"
    },
    "retentionPolicy": {
      "days": 7,
      "lastUpdatedTime": "2025-07-17T06:53:33.720609+00:00",
      "status": "disabled"
    },
    "softDeletePolicy": {
      "lastUpdatedTime": "2025-07-17T06:53:33.720661+00:00",
      "retentionDays": 7,
      "status": "disabled"
    },
    "trustPolicy": {
      "status": "disabled",
      "type": "Notary"
    }
  },
  "privateEndpointConnections": [],
  "provisioningState": "Succeeded",
  "publicNetworkAccess": "Enabled",
  "resourceGroup": "gp-traning-1",
  "roleAssignmentMode": "LegacyRegistryPermissions",
  "sku": {
    "name": "Basic",
    "tier": "Basic"
  },
  "status": null,
  "systemData": {
    "createdAt": "2025-07-17T06:53:25.781011+00:00",
    "createdBy": "srikanthm@presidio.com",
    "createdByType": "User",
    "lastModifiedAt": "2025-07-17T06:53:25.781011+00:00",
    "lastModifiedBy": "srikanthm@presidio.com",
    "lastModifiedByType": "User"
  },
  "tags": {},
  "type": "Microsoft.ContainerRegistry/registries",
  "zoneRedundancy": "Disabled"
}
presidio@C02DM28PML7H-presidio my-react-app % # Get the ACR login server
ACR_LOGIN_SERVER=$(az acr show --name $ACR_NAME --query loginServer -o tsv)

# Build and tag image
docker build -t react-app .
docker tag react-app $ACR_LOGIN_SERVER/react-app:v1

# Login and push
az acr login --name $ACR_NAME
docker push $ACR_LOGIN_SERVER/react-app:v1

zsh: command not found: #
zsh: command not found: #
[+] Building 4.6s (5/5) FINISHED                                                                                                                    docker:desktop-linux
 => [internal] load build definition from Dockerfile                                                                                                                0.1s
 => => transferring dockerfile: 335B                                                                                                                                0.0s
 => CANCELED [internal] load metadata for docker.io/library/node:18                                                                                                 4.6s
 => CANCELED [internal] load metadata for docker.io/library/nginx:alpine                                                                                            4.6s
 => [auth] library/nginx:pull token for registry-1.docker.io                                                                                                        0.0s
 => [auth] library/node:pull token for registry-1.docker.io                                                                                                         0.0s
ERROR: failed to solve: Canceled: context canceled
Error response from daemon: No such image: react-app:latest
zsh: command not found: #
^CThe push refers to repository [reactacr28056.azurecr.io/react-app]
tag does not exist: reactacr28056.azurecr.io/react-app:v1
                                                                                                                                                                         
presidio@C02DM28PML7H-presidio my-react-app % 
presidio@C02DM28PML7H-presidio my-react-app % ACR_LOGIN_SERVER=$(az acr show --name $ACR_NAME --query loginServer -o tsv)

presidio@C02DM28PML7H-presidio my-react-app % docker build -t react-app .
docker tag react-app $ACR_LOGIN_SERVER/react-app:v1
[+] Building 87.4s (6/13)                                                                                                                           docker:desktop-linux
 => [internal] load build definition from Dockerfile                                                                                                                0.0s
 => => transferring dockerfile: 335B                                                                                                                                0.0s
 => [internal] load metadata for docker.io/library/nginx:alpine                                                                                                     2.7s
 => [internal] load metadata for docker.io/library/node:18                                                                                                          2.7s
 => [internal] load .dockerignore                                                                                                                                   0.0s
 => => transferring context: 2B                                                                                                                                     0.0s
 => [builder 1/6] FROM docker.io/library/node:18@sha256:c6ae79e38498325db67193d391e6ec1d224d96c693a8a4d943498556716d3783                                           84.6s
 => => resolve docker.io/library/node:18@sha256:c6ae79e38498325db67193d391e6ec1d224d96c693a8a4d943498556716d3783                                                    0.1s
 => => sha256:461077a72fb7fe40d34a37d6a1958c4d16772d0dd77f572ec50a1fdc41a3754d 446B / 446B                                                                          0.4s
 => => sha256:3697be50c98b9d071df4637e1d3491d00e7b9f3a732768c876d82309b3c5a145 1.25MB / 1.25MB                                                                      6.7s
 => => sha256:c6b30c3f16966552af10ac00521f60355b1fcfd46ac1c20b1038587e28583ce7 45.68MB / 45.68MB                                                                   15.6s
 => => sha256:cda7f44f2bddcc4bb7514474024b3f3705de00ddb6355a33be5ac7808e5b7125 3.32kB / 3.32kB                                                                      1.3s
[+] Building 87.6s (6/13)                                                                                                                           docker:desktop-linux
 => [internal] load build definition from Dockerfile                                                                                                                0.0s
 => => transferring dockerfile: 335B                                                                                                                                0.0s
 => [internal] load metadata for docker.io/library/nginx:alpine                                                                                                     2.7s
 => [internal] load metadata for docker.io/library/node:18                                                                                                          2.7s
 => [internal] load .dockerignore                                                                                                                                   0.0s
 => => transferring context: 2B                                                                                                                                     0.0s
 => [builder 1/6] FROM docker.io/library/node:18@sha256:c6ae79e38498325db67193d391e6ec1d224d96c693a8a4d943498556716d3783                                           84.7s
 => => resolve docker.io/library/node:18@sha256:c6ae79e38498325db67193d391e6ec1d224d96c693a8a4d943498556716d3783                                                    0.1s
 => => sha256:461077a72fb7fe40d34a37d6a1958c4d16772d0dd77f572ec50a1fdc41a3754d 446B / 446B                                                                          0.4s
 => => sha256:3697be50c98b9d071df4637e1d3491d00e7b9f3a732768c876d82309b3c5a145 1.25MB / 1.25MB                                                                      6.7s
 => => sha256:c6b30c3f16966552af10ac00521f60355b1fcfd46ac1c20b1038587e28583ce7 45.68MB / 45.68MB                                                                   15.6s
 => => sha256:cda7f44f2bddcc4bb7514474024b3f3705de00ddb6355a33be5ac7808e5b7125 3.32kB / 3.32kB                                                                      1.3s
[+] Building 87.7s (6/13)                                                                                                                           docker:desktop-linux
 => => transferring dockerfile: 335B                                                                                                                                0.0s
 => [internal] load metadata for docker.io/library/nginx:alpine                                                                                                     2.7s
 => [internal] load metadata for docker.io/library/node:18                                                                                                          2.7s
 => [internal] load .dockerignore                                                                                                                                   0.0s
 => => transferring context: 2B                                                                                                                                     0.0s
 => [builder 1/6] FROM docker.io/library/node:18@sha256:c6ae79e38498325db67193d391e6ec1d224d96c693a8a4d943498556716d3783                                           84.9s
 => => resolve docker.io/library/node:18@sha256:c6ae79e38498325db67193d391e6ec1d224d96c693a8a4d943498556716d3783                                                    0.1s
 => => sha256:461077a72fb7fe40d34a37d6a1958c4d16772d0dd77f572ec50a1fdc41a3754d 446B / 446B                                                                          0.4s
 => => sha256:3697be50c98b9d071df4637e1d3491d00e7b9f3a732768c876d82309b3c5a145 1.25MB / 1.25MB                                                                      6.7s
 => => sha256:c6b30c3f16966552af10ac00521f60355b1fcfd46ac1c20b1038587e28583ce7 45.68MB / 45.68MB                                                                   15.6s
 => => sha256:cda7f44f2bddcc4bb7514474024b3f3705de00ddb6355a33be5ac7808e5b7125 3.32kB / 3.32kB                                                                      1.3s
 => => sha256:e23f099911d692f62b851cf49a1e93294288a115f5cd2d014180e4d3684d34ab 101.71MB / 211.36MB                                                                 77.3s
[+] Building 87.9s (6/13)                                                                                                                           docker:desktop-linux
 => [builder 1/6] FROM docker.io/library/node:18@sha256:c6ae79e38498325db67193d391e6ec1d224d96c693a8a4d943498556716d3783                                           85.0s
 => => sha256:e23f099911d692f62b851cf49a1e93294288a115f5cd2d014180e4d3684d34ab 102.76MB / 211.36MB                                                                 77.4s
 => => sha256:79b2f47ad4443652b9b5cc81a95ede249fd976310efdbee159f29638783778c0 51.38MB / 64.40MB                                                                   74.7s
 => => sha256:37927ed901b1b2608b72796c6881bf645480268eca4ac9a37b9219e050bb4d84 24.02MB / 24.02MB                                                                    9.4s
 => => sha256:3e6b9d1a95114e19f12262a4e8a59ad1d1a10ca7b82108adcf0605a200294964 48.49MB / 48.49MB                                                                   45.0s
 => => extracting sha256:3e6b9d1a95114e19f12262a4e8a59ad1d1a10ca7b82108adcf0605a200294964                                                                           5.7s
 => => extracting sha256:37927ed901b1b2608b72796c6881bf645480268eca4ac9a37b9219e050bb4d84                                                                           1.9s
 => [stage-1 1/2] FROM docker.io/library/nginx:alpine@sha256:f741b7f2e82ec8e3daa163b089d48ec163ad0b015d859a1e4f0f2a6202e8cc22                                      37.2s
 => => resolve docker.io/library/nginx:alpine@sha256:f741b7f2e82ec8e3daa163b089d48ec163ad0b015d859a1e4f0f2a6202e8cc22                                               0.1s
 => => sha256:f23865b38cc69ad61d7a272610d411a4e66c2ed6ab2f374ff8e7f947ecfffb28 16.78MB / 16.78MB                                                                    5.4s
 => => sha256:958a74d6a238e799e7819c7408602b9c5481fa5eda0ee5bcbe1932f685d9d3b9 956B / 956B                                                                          1.1s
[+] Building 88.0s (6/13)                                                                                                                           docker:desktop-linux
 => => sha256:e23f099911d692f62b851cf49a1e93294288a115f5cd2d014180e4d3684d34ab 102.76MB / 211.36MB                                                                 77.6s
[+] Building 317.7s (14/14) FINISHED                                                                                                                docker:desktop-linux
 => [internal] load build definition from Dockerfile                                                                                                                0.0s
 => => transferring dockerfile: 335B                                                                                                                                0.0s
 => [internal] load metadata for docker.io/library/nginx:alpine                                                                                                     2.7s
 => [internal] load metadata for docker.io/library/node:18                                                                                                          2.7s
 => [internal] load .dockerignore                                                                                                                                   0.0s
 => => transferring context: 2B                                                                                                                                     0.0s
 => [builder 1/6] FROM docker.io/library/node:18@sha256:c6ae79e38498325db67193d391e6ec1d224d96c693a8a4d943498556716d3783                                          143.0s
 => => resolve docker.io/library/node:18@sha256:c6ae79e38498325db67193d391e6ec1d224d96c693a8a4d943498556716d3783                                                    0.1s
 => => sha256:461077a72fb7fe40d34a37d6a1958c4d16772d0dd77f572ec50a1fdc41a3754d 446B / 446B                                                                          0.4s
 => => sha256:3697be50c98b9d071df4637e1d3491d00e7b9f3a732768c876d82309b3c5a145 1.25MB / 1.25MB                                                                      6.7s
 => => sha256:c6b30c3f16966552af10ac00521f60355b1fcfd46ac1c20b1038587e28583ce7 45.68MB / 45.68MB                                                                   15.6s 
 => => sha256:cda7f44f2bddcc4bb7514474024b3f3705de00ddb6355a33be5ac7808e5b7125 3.32kB / 3.32kB                                                                      1.3s
 => => sha256:e23f099911d692f62b851cf49a1e93294288a115f5cd2d014180e4d3684d34ab 211.36MB / 211.36MB                                                                111.6s
 => => sha256:79b2f47ad4443652b9b5cc81a95ede249fd976310efdbee159f29638783778c0 64.40MB / 64.40MB                                                                   83.3s 
 => => sha256:37927ed901b1b2608b72796c6881bf645480268eca4ac9a37b9219e050bb4d84 24.02MB / 24.02MB                                                                    9.4s 
 => => sha256:3e6b9d1a95114e19f12262a4e8a59ad1d1a10ca7b82108adcf0605a200294964 48.49MB / 48.49MB                                                                   45.0s 
 => => extracting sha256:3e6b9d1a95114e19f12262a4e8a59ad1d1a10ca7b82108adcf0605a200294964                                                                           5.7s 
 => => extracting sha256:37927ed901b1b2608b72796c6881bf645480268eca4ac9a37b9219e050bb4d84                                                                           1.9s 
 => => extracting sha256:79b2f47ad4443652b9b5cc81a95ede249fd976310efdbee159f29638783778c0                                                                          10.2s 
 => => extracting sha256:e23f099911d692f62b851cf49a1e93294288a115f5cd2d014180e4d3684d34ab                                                                          16.2s 
 => => extracting sha256:cda7f44f2bddcc4bb7514474024b3f3705de00ddb6355a33be5ac7808e5b7125                                                                           0.1s 
 => => extracting sha256:c6b30c3f16966552af10ac00521f60355b1fcfd46ac1c20b1038587e28583ce7                                                                           7.4s 
 => => extracting sha256:3697be50c98b9d071df4637e1d3491d00e7b9f3a732768c876d82309b3c5a145                                                                           0.1s 
 => => extracting sha256:461077a72fb7fe40d34a37d6a1958c4d16772d0dd77f572ec50a1fdc41a3754d                                                                           0.0s 
 => [stage-1 1/2] FROM docker.io/library/nginx:alpine@sha256:f741b7f2e82ec8e3daa163b089d48ec163ad0b015d859a1e4f0f2a6202e8cc22                                      37.2s 
 => => resolve docker.io/library/nginx:alpine@sha256:f741b7f2e82ec8e3daa163b089d48ec163ad0b015d859a1e4f0f2a6202e8cc22                                               0.1s
 => => sha256:f23865b38cc69ad61d7a272610d411a4e66c2ed6ab2f374ff8e7f947ecfffb28 16.78MB / 16.78MB                                                                    5.4s
 => => sha256:958a74d6a238e799e7819c7408602b9c5481fa5eda0ee5bcbe1932f685d9d3b9 956B / 956B                                                                          1.1s
 => => sha256:828fa206d77bc99972844d67b1a617a841c74f15e71c71e656d1437bd26c15b8 1.21kB / 1.21kB                                                                      1.6s
 => => sha256:c1d2dc189e3831ffcb9a19138df97d141f3bd13a13a1513b137cc7ca6e94fa09 405B / 405B                                                                          1.2s
 => => sha256:bdaad27fd04a102fe15f473a31a82321c0625a6a3603bd9522bf058eb8a194e2 1.40kB / 1.40kB                                                                      1.3s
 => => sha256:a5585638209eba93a3af07035d353e512187e9884e402ded45565e264bedb7e1 1.05MB / 1.81MB                                                                    312.7s
 => => sha256:fd372c3c84a23422bc07489867f8c2e7e99774680380ccf89c0a269b71b5690f 628B / 628B                                                                          0.4s
 => => sha256:9824c27679d3b27c5e1cb00a73adb6f4f8d556994111c12db3c5d61a0c843df8 3.80MB / 3.80MB                                                                     20.4s
 => => extracting sha256:9824c27679d3b27c5e1cb00a73adb6f4f8d556994111c12db3c5d61a0c843df8                                                                           2.3s
 => => extracting sha256:a5585638209eba93a3af07035d353e512187e9884e402ded45565e264bedb7e1                                                                           1.4s
 => => extracting sha256:fd372c3c84a23422bc07489867f8c2e7e99774680380ccf89c0a269b71b5690f                                                                           0.2s
 => => extracting sha256:958a74d6a238e799e7819c7408602b9c5481fa5eda0ee5bcbe1932f685d9d3b9                                                                           0.1s
 => => extracting sha256:c1d2dc189e3831ffcb9a19138df97d141f3bd13a13a1513b137cc7ca6e94fa09                                                                           0.4s
 => => extracting sha256:828fa206d77bc99972844d67b1a617a841c74f15e71c71e656d1437bd26c15b8                                                                           0.5s
 => => extracting sha256:bdaad27fd04a102fe15f473a31a82321c0625a6a3603bd9522bf058eb8a194e2                                                                           0.4s
 => => extracting sha256:f23865b38cc69ad61d7a272610d411a4e66c2ed6ab2f374ff8e7f947ecfffb28                                                                           8.4s
 => [internal] load build context                                                                                                                                  45.9s
 => => transferring context: 240.48MB                                                                                                                              45.6s
 => [builder 2/6] WORKDIR /app                                                                                                                                      1.1s
 => [builder 3/6] COPY package*.json ./                                                                                                                             0.7s
 => [builder 4/6] RUN npm install                                                                                                                                 103.5s
 => [builder 5/6] COPY . .                                                                                                                                         34.4s
 => [builder 6/6] RUN npm run build                                                                                                                                28.1s
 => [stage-1 2/2] COPY --from=builder /app/build /usr/share/nginx/html                                                                                              0.1s
 => exporting to image                                                                                                                                              0.9s
 => => exporting layers                                                                                                                                             0.4s
 => => exporting manifest sha256:9bbab7c267a59cc7ee0e20136382ef7e00edffe8ba4b42e8ea515d2633b7faba                                                                   0.0s
 => => exporting config sha256:1894b1c2d870acc2173693ed75ebbd48ba8a276c1b264614c2b4571a47858431                                                                     0.0s
 => => exporting attestation manifest sha256:f8deebd3b1b5898b370aaa54af92c9b386529fb4cbda998d65be1f9987396a37                                                       0.1s
 => => exporting manifest list sha256:01aee7440be20efac72e873684675dcdf549c4b21473b13d0a4874c792a94283                                                              0.0s
 => => naming to docker.io/library/react-app:latest                                                                                                                 0.0s
 => => unpacking to docker.io/library/react-app:latest                                                                                                              0.1s
presidio@C02DM28PML7H-presidio my-react-app % az acr login --name $ACR_NAME
docker push $ACR_LOGIN_SERVER/react-app:v1
Login Succeeded
The push refers to repository [reactacr28056.azurecr.io/react-app]
9824c27679d3: Pushed 
a5585638209e: Pushed 
958a74d6a238: Pushed 
828fa206d77b: Pushed 
c1d2dc189e38: Pushed 
f23865b38cc6: Pushed 
bdaad27fd04a: Pushed 
fd372c3c84a2: Pushed 
970f1088d56b: Pushed 
a4edf3bfb09e: Pushed 
v1: digest: sha256:01aee7440be20efac72e873684675dcdf549c4b21473b13d0a4874c792a94283 size: 856
presidio@C02DM28PML7H-presidio my-react-app % ACI_NAME="react-container-$RANDOM"
DNS_NAME="reactdemo$RANDOM"

az container create \
  --resource-group $RESOURCE_GROUP \
  --name $ACI_NAME \
  --image $ACR_LOGIN_SERVER/react-app:v1 \
  --registry-login-server $ACR_LOGIN_SERVER \
  --registry-username $(az acr credential show --name $ACR_NAME --query username -o tsv) \
  --registry-password $(az acr credential show --name $ACR_NAME --query passwords[0].value -o tsv) \
  --dns-name-label $DNS_NAME \
  --ports 80 \
  --location $LOCATION

zsh: no matches found: passwords[0].value
argument --registry-password: expected one argument

Examples from AI knowledge base:
az container create --resource-group MyResourceGroup --name myapp --image myimage:latest --assign-identity
Create a container group with a system assigned identity.

az container create --resource-group MyResourceGroup --name myapp --image myimage:latest --cpu 1 --memory 1
Create a container in a container group with 1 core and 1Gb of memory.

az storage account keys list --resource-group MyResourceGroup --account-name MyStorageAccount
List the access keys for a storage account.

https://docs.microsoft.com/en-US/cli/azure/container#az_container_create
Read more about the command in reference docs
presidio@C02DM28PML7H-presidio my-react-app % ACI_NAME="react-container-$RANDOM"
DNS_NAME="reactdemo$RANDOM"

az container create \
  --resource-group $RESOURCE_GROUP \
  --name $ACI_NAME \
  --image $ACR_LOGIN_SERVER/react-app:v1 \
  --registry-login-server $ACR_LOGIN_SERVER \
  --registry-username $(az acr credential show --name $ACR_NAME --query 'username' -o tsv) \
  --registry-password $(az acr credential show --name $ACR_NAME --query 'passwords[0].value' -o tsv) \
  --dns-name-label $DNS_NAME \
  --ports 80 \
  --location $LOCATION

(InvalidOsType) The 'osType' for container group '<null>' is invalid. The value must be one of 'Windows,Linux'.
Code: InvalidOsType
Message: The 'osType' for container group '<null>' is invalid. The value must be one of 'Windows,Linux'.
presidio@C02DM28PML7H-presidio my-react-app % RESOURCE_GROUP="gp-traning-1"
ACR_NAME="reactacr28056"                                
LOCATION="eastus"
ACR_LOGIN_SERVER=$(az acr show --name $ACR_NAME --query loginServer -o tsv)
ACI_NAME="react-container-$RANDOM"
DNS_NAME="reactdemo$RANDOM"
presidio@C02DM28PML7H-presidio my-react-app % az container create \
  --resource-group $RESOURCE_GROUP \
  --name $ACI_NAME \
  --image $ACR_LOGIN_SERVER/react-app:v1 \
  --registry-login-server $ACR_LOGIN_SERVER \
  --registry-username $(az acr credential show --name $ACR_NAME --query 'username' -o tsv) \
  --registry-password $(az acr credential show --name $ACR_NAME --query 'passwords[0].value' -o tsv) \
  --dns-name-label $DNS_NAME \
  --ports 80 \
  --os-type Linux \
  --location $LOCATION
(ResourceRequestsNotSpecified) The resource requests are not specified in container 'react-container-18666' of contain group 'react-container-18666'. Both memory and CPU requests are required since API version '2017-07-01-preview'.
Code: ResourceRequestsNotSpecified
Message: The resource requests are not specified in container 'react-container-18666' of contain group 'react-container-18666'. Both memory and CPU requests are required since API version '2017-07-01-preview'.
presidio@C02DM28PML7H-presidio my-react-app % az container create \
  --resource-group gp-traning-1 \   
  --name $ACI_NAME \
  --image $ACR_LOGIN_SERVER/react-app:v1 \
  --registry-login-server $ACR_LOGIN_SERVER \
  --registry-username $(az acr credential show --name $ACR_NAME --query 'username' -o tsv) \
  --registry-password $(az acr credential show --name $ACR_NAME --query 'passwords[0].value' -o tsv) \
  --dns-name-label $DNS_NAME \
  --ports 80 \
  --os-type Linux \
  --location $LOCATION
(ResourceRequestsNotSpecified) The resource requests are not specified in container 'react-container-18666' of contain group 'react-container-18666'. Both memory and CPU requests are required since API version '2017-07-01-preview'.
Code: ResourceRequestsNotSpecified
Message: The resource requests are not specified in container 'react-container-18666' of contain group 'react-container-18666'. Both memory and CPU requests are required since API version '2017-07-01-preview'.
presidio@C02DM28PML7H-presidio my-react-app % az container create \
  --resource-group gp-traning-1 \
  --name $ACI_NAME \
  --image $ACR_LOGIN_SERVER/react-app:v1 \
  --registry-login-server $ACR_LOGIN_SERVER \
  --registry-username $(az acr credential show --name $ACR_NAME --query 'username' -o tsv) \
  --registry-password $(az acr credential show --name $ACR_NAME --query 'passwords[0].value' -o tsv) \
  --dns-name-label $DNS_NAME \
  --ports 80 \
  --os-type Linux \
  --cpu 1 \
  --memory 1.5 \
  --location $LOCATION

(ContainerGroupQuotaReached) Resource type 'Microsoft.ContainerInstance/containerGroups' container group quota 'StandardCores' exceeded in region 'eastus'. Limit: '10', Usage: '10' Requested: '1'.
Code: ContainerGroupQuotaReached
Message: Resource type 'Microsoft.ContainerInstance/containerGroups' container group quota 'StandardCores' exceeded in region 'eastus'. Limit: '10', Usage: '10' Requested: '1'.
presidio@C02DM28PML7H-presidio my-react-app % az container create \
  --resource-group gp-traning-1 \
  --name $ACI_NAME \
  --image $ACR_LOGIN_SERVER/react-app:v1 \
  --registry-login-server $ACR_LOGIN_SERVER \
  --registry-username $(az acr credential show --name $ACR_NAME --query 'username' -o tsv) \
  --registry-password $(az acr credential show --name $ACR_NAME --query 'passwords[0].value' -o tsv) \
  --dns-name-label $DNS_NAME \
  --ports 80 \
  --os-type Linux \
  --cpu 1 \
  --memory 1.5 \
  --location eastus2   

{
  "confidentialComputeProperties": null,
  "containerGroupProfile": null,
  "containers": [
    {
      "command": null,
      "configMap": {
        "keyValuePairs": {}
      },
      "environmentVariables": [],
      "image": "reactacr28056.azurecr.io/react-app:v1",
      "instanceView": {
        "currentState": {
          "detailStatus": "",
          "exitCode": null,
          "finishTime": null,
          "startTime": "2025-07-17T07:05:57.200000+00:00",
          "state": "Running"
        },
        "events": [
          {
            "count": 1,
            "firstTimestamp": "2025-07-17T07:05:42+00:00",
            "lastTimestamp": "2025-07-17T07:05:42+00:00",
            "message": "pulling image \"reactacr28056.azurecr.io/react-app@sha256:9bbab7c267a59cc7ee0e20136382ef7e00edffe8ba4b42e8ea515d2633b7faba\"",
            "name": "Pulling",
            "type": "Normal"
          },
          {
            "count": 1,
            "firstTimestamp": "2025-07-17T07:05:49+00:00",
            "lastTimestamp": "2025-07-17T07:05:49+00:00",
            "message": "Successfully pulled image \"reactacr28056.azurecr.io/react-app@sha256:9bbab7c267a59cc7ee0e20136382ef7e00edffe8ba4b42e8ea515d2633b7faba\"",
            "name": "Pulled",
            "type": "Normal"
          },
          {
            "count": 1,
            "firstTimestamp": "2025-07-17T07:05:57+00:00",
            "lastTimestamp": "2025-07-17T07:05:57+00:00",
            "message": "Started container",
            "name": "Started",
            "type": "Normal"
          }
        ],
        "previousState": null,
        "restartCount": 0
      },
      "livenessProbe": null,
      "name": "react-container-18666",
      "ports": [
        {
          "port": 80,
          "protocol": "TCP"
        }
      ],
      "readinessProbe": null,
      "resources": {
        "limits": null,
        "requests": {
          "cpu": 1.0,
          "gpu": null,
          "memoryInGb": 1.5
        }
      },
      "securityContext": null,
      "volumeMounts": null
    }
  ],
  "diagnostics": null,
  "dnsConfig": null,
  "encryptionProperties": null,
  "extensions": null,
  "id": "/subscriptions/fff309a9-2887-407d-b64d-e074e3d92e5b/resourceGroups/gp-traning-1/providers/Microsoft.ContainerInstance/containerGroups/react-container-18666",
  "identity": null,
  "imageRegistryCredentials": [
    {
      "identity": null,
      "identityUrl": null,
      "isDelegatedIdentity": false,
      "password": null,
      "server": "reactacr28056.azurecr.io",
      "username": "reactacr28056"
    }
  ],
  "initContainers": [],
  "instanceView": {
    "events": [],
    "state": "Running"
  },
  "ipAddress": {
    "autoGeneratedDomainNameLabelScope": "Unsecure",
    "dnsNameLabel": "reactdemo8508",
    "fqdn": "reactdemo8508.eastus2.azurecontainer.io",
    "ip": "20.1.212.135",
    "ports": [
      {
        "port": 80,
        "protocol": "TCP"
      }
    ],
    "type": "Public"
  },
  "isCreatedFromStandbyPool": false,
  "location": "eastus2",
  "name": "react-container-18666",
  "osType": "Linux",
  "priority": null,
  "provisioningState": "Succeeded",
  "resourceGroup": "gp-traning-1",
  "restartPolicy": null,
  "sku": "Standard",
  "standbyPoolProfile": null,
  "subnetIds": null,
  "tags": {},
  "type": "Microsoft.ContainerInstance/containerGroups",
  "volumes": null,
  "zones": null
}
presidio@C02DM28PML7H-presidio my-react-app % az container show \
  --resource-group gp-traning-1 \
  --name $ACI_NAME \
  --query ipAddress.fqdn -o tsv

reactdemo8508.eastus2.azurecontainer.io
presidio@C02DM28PML7H-presidio my-react-app % az container show \
  --resource-group gp-traning-1 \
  --name $ACI_NAME \
  --query ipAddress -o tsv     

Unsecure        reactdemo8508   reactdemo8508.eastus2.azurecontainer.io 20.1.212.135    1       Public
presidio@C02DM28PML7H-presidio my-react-app % 